# IBMulator Keymap file
#
# A keymap file maps input events to emulator events.
#
# See KEYMAPS.md for more information.


### TTS bindings

KMOD_CTRL + KMOD_SHIFT + SDLK_3 = FUNC_TTS_GUI_TOGGLE
KMOD_CTRL + KMOD_SHIFT + SDLK_4 = FUNC_TTS_GUEST_TOGGLE
KMOD_CTRL + KMOD_SHIFT + SDLK_X = FUNC_TTS_STOP
KMOD_CTRL + KMOD_SHIFT + SDLK_B = FUNC_TTS_DESCRIBE
KMOD_CTRL + KMOD_SHIFT + SDLK_T = FUNC_TTS_WINDOW_TITLE
KMOD_CTRL + KMOD_SHIFT + SDLK_1 = FUNC_TTS_READ_CHARS
KMOD_CTRL + KMOD_SHIFT + SDLK_2 = FUNC_TTS_READ_WORDS
KMOD_CTRL + KMOD_SHIFT + SDLK_A = FUNC_TTS_ADJ_VOLUME(1)
KMOD_CTRL + KMOD_SHIFT + SDLK_Z = FUNC_TTS_ADJ_VOLUME(-1)
KMOD_CTRL + KMOD_SHIFT + SDLK_D = FUNC_TTS_ADJ_RATE(1)
KMOD_CTRL + KMOD_SHIFT + SDLK_C = FUNC_TTS_ADJ_RATE(-1)


### Mouse bindings

MOUSE_AXIS_X   = MOUSE_AXIS_X
MOUSE_AXIS_Y   = MOUSE_AXIS_Y
MOUSE_BUTTON_1 = MOUSE_BUTTON_1
MOUSE_BUTTON_2 = MOUSE_BUTTON_2
MOUSE_BUTTON_3 = FUNC_GRAB_MOUSE


### Joystick / Gamepad bindings

JOY_0_AXIS_0   = JOY_A_AXIS_X
JOY_0_AXIS_1   = JOY_A_AXIS_Y
JOY_0_BUTTON_0 = JOY_A_BUTTON_1
JOY_0_BUTTON_1 = JOY_A_BUTTON_2
JOY_1_AXIS_0   = JOY_B_AXIS_X
JOY_1_AXIS_1   = JOY_B_AXIS_Y
JOY_1_BUTTON_0 = JOY_B_BUTTON_1
JOY_1_BUTTON_1 = JOY_B_BUTTON_2


### Functions 

KMOD_CTRL + SDLK_F1     = FUNC_GUI_MODE_ACTION(1)
KMOD_SHIFT + SDLK_F1    = FUNC_GUI_MODE_ACTION(2)
KMOD_CTRL + SDLK_F2     = FUNC_SHOW_OPTIONS
KMOD_SHIFT + SDLK_F2    = FUNC_TOGGLE_MIXER
KMOD_CTRL + SDLK_F3     = FUNC_TOGGLE_POWER
KMOD_SHIFT + SDLK_F4    = FUNC_TOGGLE_STATUS_IND
KMOD_CTRL + SDLK_F4     = FUNC_TOGGLE_DBG_WND
KMOD_CTRL + SDLK_F5     = FUNC_TAKE_SCREENSHOT
KMOD_CTRL + SDLK_F6     = FUNC_TOGGLE_AUDIO_CAPTURE
KMOD_SHIFT + SDLK_F6    = FUNC_TOGGLE_VIDEO_CAPTURE
KMOD_SHIFT + SDLK_F7    = FUNC_INSERT_MEDIUM
KMOD_CTRL + SDLK_F7     = FUNC_EJECT_MEDIUM
KMOD_CTRL + KMOD_SHIFT + SDLK_F7 = FUNC_CHANGE_DRIVE
KMOD_SHIFT + SDLK_F8    = FUNC_SAVE_STATE
KMOD_SHIFT + SDLK_F9    = FUNC_LOAD_STATE
KMOD_CTRL + SDLK_F8     = FUNC_QUICK_SAVE_STATE
KMOD_CTRL + SDLK_F9     = FUNC_QUICK_LOAD_STATE
KMOD_CTRL + SDLK_F10    = FUNC_GRAB_MOUSE
KMOD_CTRL + SDLK_F11    = FUNC_SYS_SPEED_DOWN; mode:repeat
KMOD_SHIFT + SDLK_F11   = FUNC_SYS_SPEED(10); mode:latched group:sysspeed
KMOD_CTRL + SDLK_F12    = FUNC_SYS_SPEED_UP; mode:repeat
KMOD_SHIFT + SDLK_F12   = FUNC_SYS_SPEED(500); mode:latched group:sysspeed
KMOD_SHIFT + SDLK_SPACE = FUNC_SWITCH_KEYMAPS
KMOD_SHIFT + SDLK_PAUSE = FUNC_TOGGLE_PAUSE
KMOD_ALT + SDLK_RETURN  = FUNC_TOGGLE_FULLSCREEN
KMOD_ALT + SDLK_F4      = FUNC_EXIT

KMOD_RCTRL + SDLK_LEFT  = FUNC_SET_PREV_AUDIO_CH; mode:repeat
KMOD_RCTRL + SDLK_RIGHT = FUNC_SET_NEXT_AUDIO_CH; mode:repeat
KMOD_RCTRL + SDLK_UP    = FUNC_SET_AUDIO_VOLUME(5); mode:repeat
KMOD_RCTRL + SDLK_DOWN  = FUNC_SET_AUDIO_VOLUME(-5); mode:repeat


### Keyboard bindings

KMOD_CTRL + SDLK_INSERT  = KEY_SYSREQ
KMOD_CTRL + SDLK_END     = KEY_BREAK
KMOD_CTRL + SDLK_DELETE  = KEY_CTRL_L + KEY_ALT_L + KEY_DELETE
KMOD_CTRL + SDLK_TAB     = KEY_ALT_L + KEY_TAB

SDLK_LCTRL                  = KEY_CTRL_L
SDLK_LSHIFT                 = KEY_SHIFT_L
SDLK_F1                     = KEY_F1
SDLK_F2                     = KEY_F2
SDLK_F3                     = KEY_F3
SDLK_F4                     = KEY_F4
SDLK_F5                     = KEY_F5
SDLK_F6                     = KEY_F6
SDLK_F7                     = KEY_F7
SDLK_F8                     = KEY_F8
SDLK_F9                     = KEY_F9
SDLK_F10                    = KEY_F10
SDLK_F11                    = KEY_F11
SDLK_F12                    = KEY_F12
SDLK_RCTRL                  = KEY_CTRL_R
SDLK_RSHIFT                 = KEY_SHIFT_R
SDLK_CAPSLOCK               = KEY_CAPS_LOCK
SDLK_NUMLOCKCLEAR           = KEY_NUM_LOCK
SDLK_LALT                   = KEY_ALT_L
SDLK_RALT                   = KEY_ALT_R
SDLK_a                      = KEY_A
SDLK_b                      = KEY_B
SDLK_c                      = KEY_C
SDLK_d                      = KEY_D
SDLK_e                      = KEY_E
SDLK_f                      = KEY_F
SDLK_g                      = KEY_G
SDLK_h                      = KEY_H
SDLK_i                      = KEY_I
SDLK_j                      = KEY_J
SDLK_k                      = KEY_K
SDLK_l                      = KEY_L
SDLK_m                      = KEY_M
SDLK_n                      = KEY_N
SDLK_o                      = KEY_O
SDLK_p                      = KEY_P
SDLK_q                      = KEY_Q
SDLK_r                      = KEY_R
SDLK_s                      = KEY_S
SDLK_t                      = KEY_T
SDLK_u                      = KEY_U
SDLK_v                      = KEY_V
SDLK_w                      = KEY_W
SDLK_x                      = KEY_X
SDLK_y                      = KEY_Y
SDLK_z                      = KEY_Z
SDLK_0                      = KEY_0
SDLK_1                      = KEY_1
SDLK_2                      = KEY_2
SDLK_3                      = KEY_3
SDLK_4                      = KEY_4
SDLK_5                      = KEY_5
SDLK_6                      = KEY_6
SDLK_7                      = KEY_7
SDLK_8                      = KEY_8
SDLK_9                      = KEY_9
SDLK_ESCAPE                 = KEY_ESC
SDLK_SPACE                  = KEY_SPACE
SDL_SCANCODE_APOSTROPHE     = KEY_SINGLE_QUOTE
SDL_SCANCODE_COMMA          = KEY_COMMA
SDL_SCANCODE_PERIOD         = KEY_PERIOD
SDL_SCANCODE_SLASH          = KEY_SLASH
SDL_SCANCODE_SEMICOLON      = KEY_SEMICOLON
SDL_SCANCODE_EQUALS         = KEY_EQUALS
SDL_SCANCODE_LEFTBRACKET    = KEY_LEFT_BRACKET
SDL_SCANCODE_BACKSLASH      = KEY_BACKSLASH
SDL_SCANCODE_RIGHTBRACKET   = KEY_RIGHT_BRACKET
SDL_SCANCODE_MINUS          = KEY_MINUS
SDL_SCANCODE_GRAVE          = KEY_GRAVE
SDLK_BACKSPACE              = KEY_BACKSPACE
SDLK_RETURN                 = KEY_ENTER
SDLK_TAB                    = KEY_TAB
SDL_SCANCODE_NONUSBACKSLASH = KEY_LEFT_BACKSLASH
SDLK_PRINTSCREEN            = KEY_PRINT
SDLK_SCROLLLOCK             = KEY_SCRL_LOCK
SDLK_PAUSE                  = KEY_PAUSE
SDLK_INSERT                 = KEY_INSERT
SDLK_DELETE                 = KEY_DELETE
SDLK_HOME                   = KEY_HOME
SDLK_END                    = KEY_END
SDLK_PAGEUP                 = KEY_PAGE_UP
SDLK_PAGEDOWN               = KEY_PAGE_DOWN
SDLK_KP_PLUS                = KEY_KP_ADD
SDLK_KP_MINUS               = KEY_KP_SUBTRACT
SDLK_KP_1                   = KEY_KP_END
SDLK_KP_2                   = KEY_KP_DOWN
SDLK_KP_3                   = KEY_KP_PAGE_DOWN
SDLK_KP_4                   = KEY_KP_LEFT
SDLK_KP_6                   = KEY_KP_RIGHT
SDLK_KP_7                   = KEY_KP_HOME
SDLK_KP_8                   = KEY_KP_UP
SDLK_KP_9                   = KEY_KP_PAGE_UP
SDLK_KP_0                   = KEY_KP_INSERT
SDLK_KP_PERIOD              = KEY_KP_DELETE
SDLK_KP_5                   = KEY_KP_5
SDLK_UP                     = KEY_UP
SDLK_DOWN                   = KEY_DOWN
SDLK_LEFT                   = KEY_LEFT
SDLK_RIGHT                  = KEY_RIGHT
SDLK_KP_ENTER               = KEY_KP_ENTER
SDLK_KP_MULTIPLY            = KEY_KP_MULTIPLY
SDLK_KP_DIVIDE              = KEY_KP_DIVIDE



# keys not present in the standard pre-Win95 keyboards (TODO)
# KEY_MENU
# KEY_WIN_L
# KEY_WIN_R
# KEY_INT_BACK
# KEY_INT_FORWARD
# KEY_INT_STOP
# KEY_INT_MAIL
# KEY_INT_SEARCH
# KEY_INT_FAV
# KEY_INT_HOME
# KEY_POWER_MYCOMP
# KEY_POWER_CALC
# KEY_POWER_SLEEP
# KEY_POWER_POWER
# KEY_POWER_WAKE
